---
source: shellclear/src/config.rs
expression: path.is_ok()
---
true
