---
source: shellclear/src/printer.rs
expression: resp
---
Ok(
    (),
)
