---
source: shellclear/src/config.rs
expression: config.delete_sensitive_patterns_from_file()
---
Ok(
    (),
)
