---
source: shellclear/src/config.rs
expression: config.delete_sensitive_ignore_file()
---
Ok(
    (),
)
