---
source: shellclear/src/config.rs
expression: config.ignore_sensitive_path.exists()
---
true
