---
source: shellclear/src/config.rs
expression: config.is_sensitive_pattern_file_exists()
---
false
