---
source: shellclear/src/bin/cmd/config.rs
expression: run_validate(&config).code
---
0
