---
source: shellclear/src/bin/cmd/config.rs
expression: "&config.ignore_sensitive_path.exists()"
---
true
