---
source: shellclear/src/exporter/text.rs
expression: resp
---
Ok(
    (),
)
