---
source: shellclear/src/exporter/table.rs
expression: resp
---
Ok(
    (),
)
